---
source: crates/topos/tests/checker.rs
expression: result
---
Usage: topos checker tce [OPTIONS] [COMMAND]

Commands:
  assert-delivery  Assert that a delivery was made to a list of nodes
  help             Print this message or the help of the given subcommand(s)

Options:
  -v, --verbose...  
  -h, --help        Print help

